EN top_level_counter NULL "C:/Users/Gegk/Desktop/New folder/Lab44/top_level_counter.vhd" sub00/vhpl02 1498299974
AR top_level_counter behavioral "C:/Users/Gegk/Desktop/New folder/Lab44/top_level_counter.vhd" sub00/vhpl03 1498299975
EN freq_div NULL "C:/Users/Gegk/Desktop/New folder/Lab44/freq_div.vhd" sub00/vhpl00 1498299972
AR freq_div behavioral "C:/Users/Gegk/Desktop/New folder/Lab44/freq_div.vhd" sub00/vhpl01 1498299973
